python : 2026-05-20 16:49:27,858 [INFO] great_expectations._docs_decorators ù 
Skipping registering function get_context because it does not have a class
Au caractère Ligne:1 : 1
+ python test_full_pipeline.py 2>&1 | tee test_output.log
+ ~~~~~~~~~~~~~~~~~~~~~~~~~~~~~~~~~
    + CategoryInfo          : NotSpecified: (2026-05-20 16:4...ot have a class 
   :String) [], RemoteException
    + FullyQualifiedErrorId : NativeCommandError
 
2026-05-20 16:49:34,213 [INFO] great_expectations._docs_decorators ù Skipping 
registering function 
DataSourceManager._register_add_datasource.<locals>.crud_method_info because 
it is a closure
2026-05-20 16:49:34,213 [INFO] great_expectations._docs_decorators ù Skipping 
registering function 
DataSourceManager._register_update_datasource.<locals>.crud_method_info 
because it is a closure
2026-05-20 16:49:34,213 [INFO] great_expectations._docs_decorators ù Skipping 
registering function 
DataSourceManager._register_add_or_update_datasource.<locals>.crud_method_info 
because it is a closure
2026-05-20 16:49:34,213 [INFO] great_expectations._docs_decorators ù Skipping 
registering function 
DataSourceManager._register_delete_datasource.<locals>.crud_method_info 
because it is a closure
2026-05-20 16:49:34,224 [INFO] great_expectations._docs_decorators ù Skipping 
registering function 
DataSourceManager._register_add_datasource.<locals>.crud_method_info because 
it is a closure
2026-05-20 16:49:34,225 [INFO] great_expectations._docs_decorators ù Skipping 
registering function 
DataSourceManager._register_update_datasource.<locals>.crud_method_info 
because it is a closure
2026-05-20 16:49:34,225 [INFO] great_expectations._docs_decorators ù Skipping 
registering function 
DataSourceManager._register_add_or_update_datasource.<locals>.crud_method_info 
because it is a closure
2026-05-20 16:49:34,225 [INFO] great_expectations._docs_decorators ù Skipping 
registering function 
DataSourceManager._register_delete_datasource.<locals>.crud_method_info 
because it is a closure
2026-05-20 16:49:34,239 [INFO] great_expectations._docs_decorators ù Skipping 
registering function 
DataSourceManager._register_add_datasource.<locals>.crud_method_info because 
it is a closure
2026-05-20 16:49:34,240 [INFO] great_expectations._docs_decorators ù Skipping 
registering function 
DataSourceManager._register_update_datasource.<locals>.crud_method_info 
because it is a closure
2026-05-20 16:49:34,240 [INFO] great_expectations._docs_decorators ù Skipping 
registering function 
DataSourceManager._register_add_or_update_datasource.<locals>.crud_method_info 
because it is a closure
2026-05-20 16:49:34,240 [INFO] great_expectations._docs_decorators ù Skipping 
registering function 
DataSourceManager._register_delete_datasource.<locals>.crud_method_info 
because it is a closure
2026-05-20 16:49:34,254 [INFO] great_expectations._docs_decorators ù Skipping 
registering function 
DataSourceManager._register_add_datasource.<locals>.crud_method_info because 
it is a closure
2026-05-20 16:49:34,254 [INFO] great_expectations._docs_decorators ù Skipping 
registering function 
DataSourceManager._register_update_datasource.<locals>.crud_method_info 
because it is a closure
2026-05-20 16:49:34,254 [INFO] great_expectations._docs_decorators ù Skipping 
registering function 
DataSourceManager._register_add_or_update_datasource.<locals>.crud_method_info 
because it is a closure
2026-05-20 16:49:34,254 [INFO] great_expectations._docs_decorators ù Skipping 
registering function 
DataSourceManager._register_delete_datasource.<locals>.crud_method_info 
because it is a closure
2026-05-20 16:49:34,268 [INFO] great_expectations._docs_decorators ù Skipping 
registering function 
DataSourceManager._register_add_datasource.<locals>.crud_method_info because 
it is a closure
2026-05-20 16:49:34,268 [INFO] great_expectations._docs_decorators ù Skipping 
registering function 
DataSourceManager._register_update_datasource.<locals>.crud_method_info 
because it is a closure
2026-05-20 16:49:34,268 [INFO] great_expectations._docs_decorators ù Skipping 
registering function 
DataSourceManager._register_add_or_update_datasource.<locals>.crud_method_info 
because it is a closure
2026-05-20 16:49:34,268 [INFO] great_expectations._docs_decorators ù Skipping 
registering function 
DataSourceManager._register_delete_datasource.<locals>.crud_method_info 
because it is a closure
2026-05-20 16:49:34,477 [INFO] great_expectations._docs_decorators ù Skipping 
registering function DataSourceManager._bind_asset_factory_method_if_not_presen
t.<locals>._add_asset_factory because it is a closure
2026-05-20 16:49:34,477 [INFO] great_expectations._docs_decorators ù Skipping 
registering function 
DataSourceManager._register_add_datasource.<locals>.crud_method_info because 
it is a closure
2026-05-20 16:49:34,478 [INFO] great_expectations._docs_decorators ù Skipping 
registering function 
DataSourceManager._register_update_datasource.<locals>.crud_method_info 
because it is a closure
2026-05-20 16:49:34,478 [INFO] great_expectations._docs_decorators ù Skipping 
registering function 
DataSourceManager._register_add_or_update_datasource.<locals>.crud_method_info 
because it is a closure
2026-05-20 16:49:34,478 [INFO] great_expectations._docs_decorators ù Skipping 
registering function 
DataSourceManager._register_delete_datasource.<locals>.crud_method_info 
because it is a closure
2026-05-20 16:49:34,725 [INFO] great_expectations._docs_decorators ù Skipping 
registering function DataSourceManager._bind_asset_factory_method_if_not_presen
t.<locals>._add_asset_factory because it is a closure
2026-05-20 16:49:34,726 [INFO] great_expectations._docs_decorators ù Skipping 
registering function DataSourceManager._bind_asset_factory_method_if_not_presen
t.<locals>._add_asset_factory because it is a closure
2026-05-20 16:49:34,726 [INFO] great_expectations._docs_decorators ù Skipping 
registering function DataSourceManager._bind_asset_factory_method_if_not_presen
t.<locals>._add_asset_factory because it is a closure
2026-05-20 16:49:34,726 [INFO] great_expectations._docs_decorators ù Skipping 
registering function DataSourceManager._bind_asset_factory_method_if_not_presen
t.<locals>._add_asset_factory because it is a closure
2026-05-20 16:49:34,726 [INFO] great_expectations._docs_decorators ù Skipping 
registering function DataSourceManager._bind_asset_factory_method_if_not_presen
t.<locals>._add_asset_factory because it is a closure
2026-05-20 16:49:34,727 [INFO] great_expectations._docs_decorators ù Skipping 
registering function DataSourceManager._bind_asset_factory_method_if_not_presen
t.<locals>._add_asset_factory because it is a closure
2026-05-20 16:49:34,727 [INFO] great_expectations._docs_decorators ù Skipping 
registering function DataSourceManager._bind_asset_factory_method_if_not_presen
t.<locals>._add_asset_factory because it is a closure
2026-05-20 16:49:34,727 [INFO] great_expectations._docs_decorators ù Skipping 
registering function DataSourceManager._bind_asset_factory_method_if_not_presen
t.<locals>._add_asset_factory because it is a closure
2026-05-20 16:49:34,727 [INFO] great_expectations._docs_decorators ù Skipping 
registering function DataSourceManager._bind_asset_factory_method_if_not_presen
t.<locals>._add_asset_factory because it is a closure
2026-05-20 16:49:34,728 [INFO] great_expectations._docs_decorators ù Skipping 
registering function DataSourceManager._bind_asset_factory_method_if_not_presen
t.<locals>._add_asset_factory because it is a closure
2026-05-20 16:49:34,728 [INFO] great_expectations._docs_decorators ù Skipping 
registering function DataSourceManager._bind_asset_factory_method_if_not_presen
t.<locals>._add_asset_factory because it is a closure
2026-05-20 16:49:34,728 [INFO] great_expectations._docs_decorators ù Skipping 
registering function DataSourceManager._bind_asset_factory_method_if_not_presen
t.<locals>._add_asset_factory because it is a closure
2026-05-20 16:49:34,728 [INFO] great_expectations._docs_decorators ù Skipping 
registering function DataSourceManager._bind_asset_factory_method_if_not_presen
t.<locals>._add_asset_factory because it is a closure
2026-05-20 16:49:34,729 [INFO] great_expectations._docs_decorators ù Skipping 
registering function DataSourceManager._bind_asset_factory_method_if_not_presen
t.<locals>._add_asset_factory because it is a closure
2026-05-20 16:49:34,729 [INFO] great_expectations._docs_decorators ù Skipping 
registering function DataSourceManager._bind_asset_factory_method_if_not_presen
t.<locals>._add_asset_factory because it is a closure
2026-05-20 16:49:34,729 [INFO] great_expectations._docs_decorators ù Skipping 
registering function 
DataSourceManager._register_add_datasource.<locals>.crud_method_info because 
it is a closure
2026-05-20 16:49:34,729 [INFO] great_expectations._docs_decorators ù Skipping 
registering function 
DataSourceManager._register_update_datasource.<locals>.crud_method_info 
because it is a closure
2026-05-20 16:49:34,729 [INFO] great_expectations._docs_decorators ù Skipping 
registering function 
DataSourceManager._register_add_or_update_datasource.<locals>.crud_method_info 
because it is a closure
2026-05-20 16:49:34,730 [INFO] great_expectations._docs_decorators ù Skipping 
registering function 
DataSourceManager._register_delete_datasource.<locals>.crud_method_info 
because it is a closure
2026-05-20 16:49:34,736 [INFO] great_expectations._docs_decorators ù Skipping 
registering function 
DataSourceManager._register_add_datasource.<locals>.crud_method_info because 
it is a closure
2026-05-20 16:49:34,736 [INFO] great_expectations._docs_decorators ù Skipping 
registering function 
DataSourceManager._register_update_datasource.<locals>.crud_method_info 
because it is a closure
2026-05-20 16:49:34,736 [INFO] great_expectations._docs_decorators ù Skipping 
registering function 
DataSourceManager._register_add_or_update_datasource.<locals>.crud_method_info 
because it is a closure
2026-05-20 16:49:34,736 [INFO] great_expectations._docs_decorators ù Skipping 
registering function 
DataSourceManager._register_delete_datasource.<locals>.crud_method_info 
because it is a closure
2026-05-20 16:49:34,745 [INFO] great_expectations._docs_decorators ù Skipping 
registering function DataSourceManager._bind_asset_factory_method_if_not_presen
t.<locals>._add_asset_factory because it is a closure
2026-05-20 16:49:34,745 [INFO] great_expectations._docs_decorators ù Skipping 
registering function DataSourceManager._bind_asset_factory_method_if_not_presen
t.<locals>._add_asset_factory because it is a closure
2026-05-20 16:49:34,746 [INFO] great_expectations._docs_decorators ù Skipping 
registering function DataSourceManager._bind_asset_factory_method_if_not_presen
t.<locals>._add_asset_factory because it is a closure
2026-05-20 16:49:34,746 [INFO] great_expectations._docs_decorators ù Skipping 
registering function DataSourceManager._bind_asset_factory_method_if_not_presen
t.<locals>._add_asset_factory because it is a closure
2026-05-20 16:49:34,746 [INFO] great_expectations._docs_decorators ù Skipping 
registering function DataSourceManager._bind_asset_factory_method_if_not_presen
t.<locals>._add_asset_factory because it is a closure
2026-05-20 16:49:34,746 [INFO] great_expectations._docs_decorators ù Skipping 
registering function DataSourceManager._bind_asset_factory_method_if_not_presen
t.<locals>._add_asset_factory because it is a closure
2026-05-20 16:49:34,746 [INFO] great_expectations._docs_decorators ù Skipping 
registering function DataSourceManager._bind_asset_factory_method_if_not_presen
t.<locals>._add_asset_factory because it is a closure
2026-05-20 16:49:34,747 [INFO] great_expectations._docs_decorators ù Skipping 
registering function DataSourceManager._bind_asset_factory_method_if_not_presen
t.<locals>._add_asset_factory because it is a closure
2026-05-20 16:49:34,747 [INFO] great_expectations._docs_decorators ù Skipping 
registering function DataSourceManager._bind_asset_factory_method_if_not_presen
t.<locals>._add_asset_factory because it is a closure
2026-05-20 16:49:34,747 [INFO] great_expectations._docs_decorators ù Skipping 
registering function DataSourceManager._bind_asset_factory_method_if_not_presen
t.<locals>._add_asset_factory because it is a closure
2026-05-20 16:49:34,747 [INFO] great_expectations._docs_decorators ù Skipping 
registering function DataSourceManager._bind_asset_factory_method_if_not_presen
t.<locals>._add_asset_factory because it is a closure
2026-05-20 16:49:34,747 [INFO] great_expectations._docs_decorators ù Skipping 
registering function DataSourceManager._bind_asset_factory_method_if_not_presen
t.<locals>._add_asset_factory because it is a closure
2026-05-20 16:49:34,748 [INFO] great_expectations._docs_decorators ù Skipping 
registering function DataSourceManager._bind_asset_factory_method_if_not_presen
t.<locals>._add_asset_factory because it is a closure
2026-05-20 16:49:34,748 [INFO] great_expectations._docs_decorators ù Skipping 
registering function DataSourceManager._bind_asset_factory_method_if_not_presen
t.<locals>._add_asset_factory because it is a closure
2026-05-20 16:49:34,748 [INFO] great_expectations._docs_decorators ù Skipping 
registering function DataSourceManager._bind_asset_factory_method_if_not_presen
t.<locals>._add_asset_factory because it is a closure
2026-05-20 16:49:34,748 [INFO] great_expectations._docs_decorators ù Skipping 
registering function 
DataSourceManager._register_add_datasource.<locals>.crud_method_info because 
it is a closure
2026-05-20 16:49:34,748 [INFO] great_expectations._docs_decorators ù Skipping 
registering function 
DataSourceManager._register_update_datasource.<locals>.crud_method_info 
because it is a closure
2026-05-20 16:49:34,748 [INFO] great_expectations._docs_decorators ù Skipping 
registering function 
DataSourceManager._register_add_or_update_datasource.<locals>.crud_method_info 
because it is a closure
2026-05-20 16:49:34,748 [INFO] great_expectations._docs_decorators ù Skipping 
registering function 
DataSourceManager._register_delete_datasource.<locals>.crud_method_info 
because it is a closure
2026-05-20 16:49:34,757 [INFO] great_expectations._docs_decorators ù Skipping 
registering function DataSourceManager._bind_asset_factory_method_if_not_presen
t.<locals>._add_asset_factory because it is a closure
2026-05-20 16:49:34,757 [INFO] great_expectations._docs_decorators ù Skipping 
registering function DataSourceManager._bind_asset_factory_method_if_not_presen
t.<locals>._add_asset_factory because it is a closure
2026-05-20 16:49:34,758 [INFO] great_expectations._docs_decorators ù Skipping 
registering function DataSourceManager._bind_asset_factory_method_if_not_presen
t.<locals>._add_asset_factory because it is a closure
2026-05-20 16:49:34,758 [INFO] great_expectations._docs_decorators ù Skipping 
registering function DataSourceManager._bind_asset_factory_method_if_not_presen
t.<locals>._add_asset_factory because it is a closure
2026-05-20 16:49:34,758 [INFO] great_expectations._docs_decorators ù Skipping 
registering function DataSourceManager._bind_asset_factory_method_if_not_presen
t.<locals>._add_asset_factory because it is a closure
2026-05-20 16:49:34,759 [INFO] great_expectations._docs_decorators ù Skipping 
registering function DataSourceManager._bind_asset_factory_method_if_not_presen
t.<locals>._add_asset_factory because it is a closure
2026-05-20 16:49:34,759 [INFO] great_expectations._docs_decorators ù Skipping 
registering function DataSourceManager._bind_asset_factory_method_if_not_presen
t.<locals>._add_asset_factory because it is a closure
2026-05-20 16:49:34,759 [INFO] great_expectations._docs_decorators ù Skipping 
registering function DataSourceManager._bind_asset_factory_method_if_not_presen
t.<locals>._add_asset_factory because it is a closure
2026-05-20 16:49:34,760 [INFO] great_expectations._docs_decorators ù Skipping 
registering function DataSourceManager._bind_asset_factory_method_if_not_presen
t.<locals>._add_asset_factory because it is a closure
2026-05-20 16:49:34,760 [INFO] great_expectations._docs_decorators ù Skipping 
registering function DataSourceManager._bind_asset_factory_method_if_not_presen
t.<locals>._add_asset_factory because it is a closure
2026-05-20 16:49:34,760 [INFO] great_expectations._docs_decorators ù Skipping 
registering function DataSourceManager._bind_asset_factory_method_if_not_presen
t.<locals>._add_asset_factory because it is a closure
2026-05-20 16:49:34,761 [INFO] great_expectations._docs_decorators ù Skipping 
registering function DataSourceManager._bind_asset_factory_method_if_not_presen
t.<locals>._add_asset_factory because it is a closure
2026-05-20 16:49:34,761 [INFO] great_expectations._docs_decorators ù Skipping 
registering function DataSourceManager._bind_asset_factory_method_if_not_presen
t.<locals>._add_asset_factory because it is a closure
2026-05-20 16:49:34,761 [INFO] great_expectations._docs_decorators ù Skipping 
registering function DataSourceManager._bind_asset_factory_method_if_not_presen
t.<locals>._add_asset_factory because it is a closure
2026-05-20 16:49:34,762 [INFO] great_expectations._docs_decorators ù Skipping 
registering function DataSourceManager._bind_asset_factory_method_if_not_presen
t.<locals>._add_asset_factory because it is a closure
2026-05-20 16:49:34,762 [INFO] great_expectations._docs_decorators ù Skipping 
registering function 
DataSourceManager._register_add_datasource.<locals>.crud_method_info because 
it is a closure
2026-05-20 16:49:34,762 [INFO] great_expectations._docs_decorators ù Skipping 
registering function 
DataSourceManager._register_update_datasource.<locals>.crud_method_info 
because it is a closure
2026-05-20 16:49:34,762 [INFO] great_expectations._docs_decorators ù Skipping 
registering function 
DataSourceManager._register_add_or_update_datasource.<locals>.crud_method_info 
because it is a closure
2026-05-20 16:49:34,762 [INFO] great_expectations._docs_decorators ù Skipping 
registering function 
DataSourceManager._register_delete_datasource.<locals>.crud_method_info 
because it is a closure
2026-05-20 16:49:34,771 [INFO] great_expectations._docs_decorators ù Skipping 
registering function DataSourceManager._bind_asset_factory_method_if_not_presen
t.<locals>._add_asset_factory because it is a closure
2026-05-20 16:49:34,771 [INFO] great_expectations._docs_decorators ù Skipping 
registering function DataSourceManager._bind_asset_factory_method_if_not_presen
t.<locals>._add_asset_factory because it is a closure
2026-05-20 16:49:34,771 [INFO] great_expectations._docs_decorators ù Skipping 
registering function DataSourceManager._bind_asset_factory_method_if_not_presen
t.<locals>._add_asset_factory because it is a closure
2026-05-20 16:49:34,772 [INFO] great_expectations._docs_decorators ù Skipping 
registering function DataSourceManager._bind_asset_factory_method_if_not_presen
t.<locals>._add_asset_factory because it is a closure
2026-05-20 16:49:34,772 [INFO] great_expectations._docs_decorators ù Skipping 
registering function DataSourceManager._bind_asset_factory_method_if_not_presen
t.<locals>._add_asset_factory because it is a closure
2026-05-20 16:49:34,772 [INFO] great_expectations._docs_decorators ù Skipping 
registering function DataSourceManager._bind_asset_factory_method_if_not_presen
t.<locals>._add_asset_factory because it is a closure
2026-05-20 16:49:34,772 [INFO] great_expectations._docs_decorators ù Skipping 
registering function DataSourceManager._bind_asset_factory_method_if_not_presen
t.<locals>._add_asset_factory because it is a closure
2026-05-20 16:49:34,773 [INFO] great_expectations._docs_decorators ù Skipping 
registering function DataSourceManager._bind_asset_factory_method_if_not_presen
t.<locals>._add_asset_factory because it is a closure
2026-05-20 16:49:34,773 [INFO] great_expectations._docs_decorators ù Skipping 
registering function DataSourceManager._bind_asset_factory_method_if_not_presen
t.<locals>._add_asset_factory because it is a closure
2026-05-20 16:49:34,773 [INFO] great_expectations._docs_decorators ù Skipping 
registering function DataSourceManager._bind_asset_factory_method_if_not_presen
t.<locals>._add_asset_factory because it is a closure
2026-05-20 16:49:34,773 [INFO] great_expectations._docs_decorators ù Skipping 
registering function DataSourceManager._bind_asset_factory_method_if_not_presen
t.<locals>._add_asset_factory because it is a closure
2026-05-20 16:49:34,774 [INFO] great_expectations._docs_decorators ù Skipping 
registering function DataSourceManager._bind_asset_factory_method_if_not_presen
t.<locals>._add_asset_factory because it is a closure
2026-05-20 16:49:34,774 [INFO] great_expectations._docs_decorators ù Skipping 
registering function DataSourceManager._bind_asset_factory_method_if_not_presen
t.<locals>._add_asset_factory because it is a closure
2026-05-20 16:49:34,774 [INFO] great_expectations._docs_decorators ù Skipping 
registering function DataSourceManager._bind_asset_factory_method_if_not_presen
t.<locals>._add_asset_factory because it is a closure
2026-05-20 16:49:34,774 [INFO] great_expectations._docs_decorators ù Skipping 
registering function DataSourceManager._bind_asset_factory_method_if_not_presen
t.<locals>._add_asset_factory because it is a closure
2026-05-20 16:49:34,775 [INFO] great_expectations._docs_decorators ù Skipping 
registering function 
DataSourceManager._register_add_datasource.<locals>.crud_method_info because 
it is a closure
2026-05-20 16:49:34,775 [INFO] great_expectations._docs_decorators ù Skipping 
registering function 
DataSourceManager._register_update_datasource.<locals>.crud_method_info 
because it is a closure
2026-05-20 16:49:34,775 [INFO] great_expectations._docs_decorators ù Skipping 
registering function 
DataSourceManager._register_add_or_update_datasource.<locals>.crud_method_info 
because it is a closure
2026-05-20 16:49:34,775 [INFO] great_expectations._docs_decorators ù Skipping 
registering function 
DataSourceManager._register_delete_datasource.<locals>.crud_method_info 
because it is a closure
2026-05-20 16:49:34,802 [INFO] great_expectations._docs_decorators ù Skipping 
registering function 
DataSourceManager._register_add_datasource.<locals>.crud_method_info because 
it is a closure
2026-05-20 16:49:34,802 [INFO] great_expectations._docs_decorators ù Skipping 
registering function 
DataSourceManager._register_update_datasource.<locals>.crud_method_info 
because it is a closure
2026-05-20 16:49:34,802 [INFO] great_expectations._docs_decorators ù Skipping 
registering function 
DataSourceManager._register_add_or_update_datasource.<locals>.crud_method_info 
because it is a closure
2026-05-20 16:49:34,803 [INFO] great_expectations._docs_decorators ù Skipping 
registering function 
DataSourceManager._register_delete_datasource.<locals>.crud_method_info 
because it is a closure
2026-05-20 16:49:34,831 [INFO] great_expectations._docs_decorators ù Skipping 
registering function 
DataSourceManager._register_add_datasource.<locals>.crud_method_info because 
it is a closure
2026-05-20 16:49:34,831 [INFO] great_expectations._docs_decorators ù Skipping 
registering function 
DataSourceManager._register_update_datasource.<locals>.crud_method_info 
because it is a closure
2026-05-20 16:49:34,831 [INFO] great_expectations._docs_decorators ù Skipping 
registering function 
DataSourceManager._register_add_or_update_datasource.<locals>.crud_method_info 
because it is a closure
2026-05-20 16:49:34,831 [INFO] great_expectations._docs_decorators ù Skipping 
registering function 
DataSourceManager._register_delete_datasource.<locals>.crud_method_info 
because it is a closure
2026-05-20 16:49:34,845 [INFO] great_expectations._docs_decorators ù Skipping 
registering function 
DataSourceManager._register_add_datasource.<locals>.crud_method_info because 
it is a closure
2026-05-20 16:49:34,845 [INFO] great_expectations._docs_decorators ù Skipping 
registering function 
DataSourceManager._register_update_datasource.<locals>.crud_method_info 
because it is a closure
2026-05-20 16:49:34,845 [INFO] great_expectations._docs_decorators ù Skipping 
registering function 
DataSourceManager._register_add_or_update_datasource.<locals>.crud_method_info 
because it is a closure
2026-05-20 16:49:34,845 [INFO] great_expectations._docs_decorators ù Skipping 
registering function 
DataSourceManager._register_delete_datasource.<locals>.crud_method_info 
because it is a closure
2026-05-20 16:49:34,862 [INFO] great_expectations._docs_decorators ù Skipping 
registering function 
DataSourceManager._register_add_datasource.<locals>.crud_method_info because 
it is a closure
2026-05-20 16:49:34,863 [INFO] great_expectations._docs_decorators ù Skipping 
registering function 
DataSourceManager._register_update_datasource.<locals>.crud_method_info 
because it is a closure
2026-05-20 16:49:34,863 [INFO] great_expectations._docs_decorators ù Skipping 
registering function 
DataSourceManager._register_add_or_update_datasource.<locals>.crud_method_info 
because it is a closure
2026-05-20 16:49:34,864 [INFO] great_expectations._docs_decorators ù Skipping 
registering function 
DataSourceManager._register_delete_datasource.<locals>.crud_method_info 
because it is a closure
2026-05-20 16:49:34,880 [INFO] great_expectations._docs_decorators ù Skipping 
registering function 
DataSourceManager._register_add_datasource.<locals>.crud_method_info because 
it is a closure
2026-05-20 16:49:34,880 [INFO] great_expectations._docs_decorators ù Skipping 
registering function 
DataSourceManager._register_update_datasource.<locals>.crud_method_info 
because it is a closure
2026-05-20 16:49:34,881 [INFO] great_expectations._docs_decorators ù Skipping 
registering function 
DataSourceManager._register_add_or_update_datasource.<locals>.crud_method_info 
because it is a closure
2026-05-20 16:49:34,881 [INFO] great_expectations._docs_decorators ù Skipping 
registering function 
DataSourceManager._register_delete_datasource.<locals>.crud_method_info 
because it is a closure
2026-05-20 16:49:35,089 [INFO] great_expectations.expectations.registry ù 
Multiple declarations of metric table.column_types for engine 
PandasExecutionEngine.
2026-05-20 16:49:35,089 [INFO] great_expectations.expectations.registry ù 
Multiple declarations of metric table.column_types for engine 
SparkDFExecutionEngine.
2026-05-20 16:49:35,105 [INFO] great_expectations._docs_decorators ù Skipping 
registering function 
DataSourceManager._register_add_datasource.<locals>.crud_method_info because 
it is a closure
2026-05-20 16:49:35,105 [INFO] great_expectations._docs_decorators ù Skipping 
registering function 
DataSourceManager._register_update_datasource.<locals>.crud_method_info 
because it is a closure
2026-05-20 16:49:35,105 [INFO] great_expectations._docs_decorators ù Skipping 
registering function 
DataSourceManager._register_add_or_update_datasource.<locals>.crud_method_info 
because it is a closure
2026-05-20 16:49:35,106 [INFO] great_expectations._docs_decorators ù Skipping 
registering function 
DataSourceManager._register_delete_datasource.<locals>.crud_method_info 
because it is a closure
2026-05-20 16:49:35,128 [INFO] great_expectations._docs_decorators ù Skipping 
registering function 
DataSourceManager._register_add_datasource.<locals>.crud_method_info because 
it is a closure
2026-05-20 16:49:35,129 [INFO] great_expectations._docs_decorators ù Skipping 
registering function 
DataSourceManager._register_update_datasource.<locals>.crud_method_info 
because it is a closure
2026-05-20 16:49:35,129 [INFO] great_expectations._docs_decorators ù Skipping 
registering function 
DataSourceManager._register_add_or_update_datasource.<locals>.crud_method_info 
because it is a closure
2026-05-20 16:49:35,129 [INFO] great_expectations._docs_decorators ù Skipping 
registering function 
DataSourceManager._register_delete_datasource.<locals>.crud_method_info 
because it is a closure
2026-05-20 16:49:35,735 [INFO] great_expectations._docs_decorators ù Skipping 
registering function DataSourceManager._bind_asset_factory_method_if_not_presen
t.<locals>._add_asset_factory because it is a closure
2026-05-20 16:49:35,736 [INFO] great_expectations._docs_decorators ù Skipping 
registering function DataSourceManager._bind_asset_factory_method_if_not_presen
t.<locals>._add_asset_factory because it is a closure
2026-05-20 16:49:35,736 [INFO] great_expectations._docs_decorators ù Skipping 
registering function DataSourceManager._bind_asset_factory_method_if_not_presen
t.<locals>._add_asset_factory because it is a closure
2026-05-20 16:49:35,737 [INFO] great_expectations._docs_decorators ù Skipping 
registering function DataSourceManager._bind_asset_factory_method_if_not_presen
t.<locals>._add_asset_factory because it is a closure
2026-05-20 16:49:35,737 [INFO] great_expectations._docs_decorators ù Skipping 
registering function DataSourceManager._bind_asset_factory_method_if_not_presen
t.<locals>._add_asset_factory because it is a closure
2026-05-20 16:49:35,737 [INFO] great_expectations._docs_decorators ù Skipping 
registering function DataSourceManager._bind_asset_factory_method_if_not_presen
t.<locals>._add_asset_factory because it is a closure
2026-05-20 16:49:35,738 [INFO] great_expectations._docs_decorators ù Skipping 
registering function DataSourceManager._bind_asset_factory_method_if_not_presen
t.<locals>._add_asset_factory because it is a closure
2026-05-20 16:49:35,738 [INFO] great_expectations._docs_decorators ù Skipping 
registering function DataSourceManager._bind_asset_factory_method_if_not_presen
t.<locals>._add_asset_factory because it is a closure
2026-05-20 16:49:35,738 [INFO] great_expectations._docs_decorators ù Skipping 
registering function DataSourceManager._bind_asset_factory_method_if_not_presen
t.<locals>._add_asset_factory because it is a closure
2026-05-20 16:49:35,739 [INFO] great_expectations._docs_decorators ù Skipping 
registering function DataSourceManager._bind_asset_factory_method_if_not_presen
t.<locals>._add_asset_factory because it is a closure
2026-05-20 16:49:35,739 [INFO] great_expectations._docs_decorators ù Skipping 
registering function DataSourceManager._bind_asset_factory_method_if_not_presen
t.<locals>._add_asset_factory because it is a closure
2026-05-20 16:49:35,739 [INFO] great_expectations._docs_decorators ù Skipping 
registering function DataSourceManager._bind_asset_factory_method_if_not_presen
t.<locals>._add_asset_factory because it is a closure
2026-05-20 16:49:35,739 [INFO] great_expectations._docs_decorators ù Skipping 
registering function 
DataSourceManager._register_add_datasource.<locals>.crud_method_info because 
it is a closure
2026-05-20 16:49:35,740 [INFO] great_expectations._docs_decorators ù Skipping 
registering function 
DataSourceManager._register_update_datasource.<locals>.crud_method_info 
because it is a closure
2026-05-20 16:49:35,740 [INFO] great_expectations._docs_decorators ù Skipping 
registering function 
DataSourceManager._register_add_or_update_datasource.<locals>.crud_method_info 
because it is a closure
2026-05-20 16:49:35,740 [INFO] great_expectations._docs_decorators ù Skipping 
registering function 
DataSourceManager._register_delete_datasource.<locals>.crud_method_info 
because it is a closure
2026-05-20 16:49:35,751 [INFO] great_expectations._docs_decorators ù Skipping 
registering function 
DataSourceManager._register_add_datasource.<locals>.crud_method_info because 
it is a closure
2026-05-20 16:49:35,751 [INFO] great_expectations._docs_decorators ù Skipping 
registering function 
DataSourceManager._register_update_datasource.<locals>.crud_method_info 
because it is a closure
2026-05-20 16:49:35,751 [INFO] great_expectations._docs_decorators ù Skipping 
registering function 
DataSourceManager._register_add_or_update_datasource.<locals>.crud_method_info 
because it is a closure
2026-05-20 16:49:35,751 [INFO] great_expectations._docs_decorators ù Skipping 
registering function 
DataSourceManager._register_delete_datasource.<locals>.crud_method_info 
because it is a closure
2026-05-20 16:49:35,765 [INFO] great_expectations._docs_decorators ù Skipping 
registering function DataSourceManager._bind_asset_factory_method_if_not_presen
t.<locals>._add_asset_factory because it is a closure
2026-05-20 16:49:35,766 [INFO] great_expectations._docs_decorators ù Skipping 
registering function DataSourceManager._bind_asset_factory_method_if_not_presen
t.<locals>._add_asset_factory because it is a closure
2026-05-20 16:49:35,766 [INFO] great_expectations._docs_decorators ù Skipping 
registering function DataSourceManager._bind_asset_factory_method_if_not_presen
t.<locals>._add_asset_factory because it is a closure
2026-05-20 16:49:35,766 [INFO] great_expectations._docs_decorators ù Skipping 
registering function DataSourceManager._bind_asset_factory_method_if_not_presen
t.<locals>._add_asset_factory because it is a closure
2026-05-20 16:49:35,766 [INFO] great_expectations._docs_decorators ù Skipping 
registering function DataSourceManager._bind_asset_factory_method_if_not_presen
t.<locals>._add_asset_factory because it is a closure
2026-05-20 16:49:35,767 [INFO] great_expectations._docs_decorators ù Skipping 
registering function DataSourceManager._bind_asset_factory_method_if_not_presen
t.<locals>._add_asset_factory because it is a closure
2026-05-20 16:49:35,767 [INFO] great_expectations._docs_decorators ù Skipping 
registering function DataSourceManager._bind_asset_factory_method_if_not_presen
t.<locals>._add_asset_factory because it is a closure
2026-05-20 16:49:35,767 [INFO] great_expectations._docs_decorators ù Skipping 
registering function DataSourceManager._bind_asset_factory_method_if_not_presen
t.<locals>._add_asset_factory because it is a closure
2026-05-20 16:49:35,768 [INFO] great_expectations._docs_decorators ù Skipping 
registering function DataSourceManager._bind_asset_factory_method_if_not_presen
t.<locals>._add_asset_factory because it is a closure
2026-05-20 16:49:35,768 [INFO] great_expectations._docs_decorators ù Skipping 
registering function DataSourceManager._bind_asset_factory_method_if_not_presen
t.<locals>._add_asset_factory because it is a closure
2026-05-20 16:49:35,768 [INFO] great_expectations._docs_decorators ù Skipping 
registering function DataSourceManager._bind_asset_factory_method_if_not_presen
t.<locals>._add_asset_factory because it is a closure
2026-05-20 16:49:35,768 [INFO] great_expectations._docs_decorators ù Skipping 
registering function DataSourceManager._bind_asset_factory_method_if_not_presen
t.<locals>._add_asset_factory because it is a closure
2026-05-20 16:49:35,768 [INFO] great_expectations._docs_decorators ù Skipping 
registering function 
DataSourceManager._register_add_datasource.<locals>.crud_method_info because 
it is a closure
2026-05-20 16:49:35,769 [INFO] great_expectations._docs_decorators ù Skipping 
registering function 
DataSourceManager._register_update_datasource.<locals>.crud_method_info 
because it is a closure
2026-05-20 16:49:35,769 [INFO] great_expectations._docs_decorators ù Skipping 
registering function 
DataSourceManager._register_add_or_update_datasource.<locals>.crud_method_info 
because it is a closure
2026-05-20 16:49:35,769 [INFO] great_expectations._docs_decorators ù Skipping 
registering function 
DataSourceManager._register_delete_datasource.<locals>.crud_method_info 
because it is a closure
2026-05-20 16:49:35,786 [INFO] great_expectations._docs_decorators ù Skipping 
registering function DataSourceManager._bind_asset_factory_method_if_not_presen
t.<locals>._add_asset_factory because it is a closure
2026-05-20 16:49:35,787 [INFO] great_expectations._docs_decorators ù Skipping 
registering function DataSourceManager._bind_asset_factory_method_if_not_presen
t.<locals>._add_asset_factory because it is a closure
2026-05-20 16:49:35,787 [INFO] great_expectations._docs_decorators ù Skipping 
registering function DataSourceManager._bind_asset_factory_method_if_not_presen
t.<locals>._add_asset_factory because it is a closure
2026-05-20 16:49:35,788 [INFO] great_expectations._docs_decorators ù Skipping 
registering function DataSourceManager._bind_asset_factory_method_if_not_presen
t.<locals>._add_asset_factory because it is a closure
2026-05-20 16:49:35,788 [INFO] great_expectations._docs_decorators ù Skipping 
registering function DataSourceManager._bind_asset_factory_method_if_not_presen
t.<locals>._add_asset_factory because it is a closure
2026-05-20 16:49:35,788 [INFO] great_expectations._docs_decorators ù Skipping 
registering function DataSourceManager._bind_asset_factory_method_if_not_presen
t.<locals>._add_asset_factory because it is a closure
2026-05-20 16:49:35,789 [INFO] great_expectations._docs_decorators ù Skipping 
registering function DataSourceManager._bind_asset_factory_method_if_not_presen
t.<locals>._add_asset_factory because it is a closure
2026-05-20 16:49:35,789 [INFO] great_expectations._docs_decorators ù Skipping 
registering function DataSourceManager._bind_asset_factory_method_if_not_presen
t.<locals>._add_asset_factory because it is a closure
2026-05-20 16:49:35,789 [INFO] great_expectations._docs_decorators ù Skipping 
registering function DataSourceManager._bind_asset_factory_method_if_not_presen
t.<locals>._add_asset_factory because it is a closure
2026-05-20 16:49:35,790 [INFO] great_expectations._docs_decorators ù Skipping 
registering function DataSourceManager._bind_asset_factory_method_if_not_presen
t.<locals>._add_asset_factory because it is a closure
2026-05-20 16:49:35,790 [INFO] great_expectations._docs_decorators ù Skipping 
registering function DataSourceManager._bind_asset_factory_method_if_not_presen
t.<locals>._add_asset_factory because it is a closure
2026-05-20 16:49:35,790 [INFO] great_expectations._docs_decorators ù Skipping 
registering function DataSourceManager._bind_asset_factory_method_if_not_presen
t.<locals>._add_asset_factory because it is a closure
2026-05-20 16:49:35,790 [INFO] great_expectations._docs_decorators ù Skipping 
registering function 
DataSourceManager._register_add_datasource.<locals>.crud_method_info because 
it is a closure
2026-05-20 16:49:35,791 [INFO] great_expectations._docs_decorators ù Skipping 
registering function 
DataSourceManager._register_update_datasource.<locals>.crud_method_info 
because it is a closure
2026-05-20 16:49:35,791 [INFO] great_expectations._docs_decorators ù Skipping 
registering function 
DataSourceManager._register_add_or_update_datasource.<locals>.crud_method_info 
because it is a closure
2026-05-20 16:49:35,791 [INFO] great_expectations._docs_decorators ù Skipping 
registering function 
DataSourceManager._register_delete_datasource.<locals>.crud_method_info 
because it is a closure
2026-05-20 16:49:35,804 [INFO] great_expectations._docs_decorators ù Skipping 
registering function DataSourceManager._bind_asset_factory_method_if_not_presen
t.<locals>._add_asset_factory because it is a closure
2026-05-20 16:49:35,805 [INFO] great_expectations._docs_decorators ù Skipping 
registering function DataSourceManager._bind_asset_factory_method_if_not_presen
t.<locals>._add_asset_factory because it is a closure
2026-05-20 16:49:35,805 [INFO] great_expectations._docs_decorators ù Skipping 
registering function DataSourceManager._bind_asset_factory_method_if_not_presen
t.<locals>._add_asset_factory because it is a closure
2026-05-20 16:49:35,805 [INFO] great_expectations._docs_decorators ù Skipping 
registering function DataSourceManager._bind_asset_factory_method_if_not_presen
t.<locals>._add_asset_factory because it is a closure
2026-05-20 16:49:35,806 [INFO] great_expectations._docs_decorators ù Skipping 
registering function DataSourceManager._bind_asset_factory_method_if_not_presen
t.<locals>._add_asset_factory because it is a closure
2026-05-20 16:49:35,806 [INFO] great_expectations._docs_decorators ù Skipping 
registering function DataSourceManager._bind_asset_factory_method_if_not_presen
t.<locals>._add_asset_factory because it is a closure
2026-05-20 16:49:35,806 [INFO] great_expectations._docs_decorators ù Skipping 
registering function DataSourceManager._bind_asset_factory_method_if_not_presen
t.<locals>._add_asset_factory because it is a closure
2026-05-20 16:49:35,807 [INFO] great_expectations._docs_decorators ù Skipping 
registering function DataSourceManager._bind_asset_factory_method_if_not_presen
t.<locals>._add_asset_factory because it is a closure
2026-05-20 16:49:35,807 [INFO] great_expectations._docs_decorators ù Skipping 
registering function DataSourceManager._bind_asset_factory_method_if_not_presen
t.<locals>._add_asset_factory because it is a closure
2026-05-20 16:49:35,807 [INFO] great_expectations._docs_decorators ù Skipping 
registering function DataSourceManager._bind_asset_factory_method_if_not_presen
t.<locals>._add_asset_factory because it is a closure
2026-05-20 16:49:35,808 [INFO] great_expectations._docs_decorators ù Skipping 
registering function DataSourceManager._bind_asset_factory_method_if_not_presen
t.<locals>._add_asset_factory because it is a closure
2026-05-20 16:49:35,808 [INFO] great_expectations._docs_decorators ù Skipping 
registering function DataSourceManager._bind_asset_factory_method_if_not_presen
t.<locals>._add_asset_factory because it is a closure
2026-05-20 16:49:35,808 [INFO] great_expectations._docs_decorators ù Skipping 
registering function 
DataSourceManager._register_add_datasource.<locals>.crud_method_info because 
it is a closure
2026-05-20 16:49:35,808 [INFO] great_expectations._docs_decorators ù Skipping 
registering function 
DataSourceManager._register_update_datasource.<locals>.crud_method_info 
because it is a closure
2026-05-20 16:49:35,808 [INFO] great_expectations._docs_decorators ù Skipping 
registering function 
DataSourceManager._register_add_or_update_datasource.<locals>.crud_method_info 
because it is a closure
2026-05-20 16:49:35,809 [INFO] great_expectations._docs_decorators ù Skipping 
registering function 
DataSourceManager._register_delete_datasource.<locals>.crud_method_info 
because it is a closure
2026-05-20 16:49:35,811 [INFO] great_expectations.expectations.registry ù 
Multiple declarations of metric column.standard_deviation for engine 
PandasExecutionEngine.
2026-05-20 16:49:35,812 [INFO] great_expectations.expectations.registry ù 
Multiple declarations of metric column.standard_deviation.aggregate_fn for 
engine SparkDFExecutionEngine.
2026-05-20 16:49:35,812 [INFO] great_expectations.expectations.registry ù 
Multiple declarations of metric column.standard_deviation for engine 
SparkDFExecutionEngine.
2026-05-20 16:49:35,833 [INFO] great_expectations._docs_decorators ù Skipping 
registering function 
DataSourceManager._register_add_datasource.<locals>.crud_method_info because 
it is a closure
2026-05-20 16:49:35,833 [INFO] great_expectations._docs_decorators ù Skipping 
registering function 
DataSourceManager._register_update_datasource.<locals>.crud_method_info 
because it is a closure
2026-05-20 16:49:35,833 [INFO] great_expectations._docs_decorators ù Skipping 
registering function 
DataSourceManager._register_add_or_update_datasource.<locals>.crud_method_info 
because it is a closure
2026-05-20 16:49:35,833 [INFO] great_expectations._docs_decorators ù Skipping 
registering function 
DataSourceManager._register_delete_datasource.<locals>.crud_method_info 
because it is a closure
2026-05-20 16:49:35,851 [INFO] great_expectations._docs_decorators ù Skipping 
registering function 
DataSourceManager._register_add_datasource.<locals>.crud_method_info because 
it is a closure
2026-05-20 16:49:35,851 [INFO] great_expectations._docs_decorators ù Skipping 
registering function 
DataSourceManager._register_update_datasource.<locals>.crud_method_info 
because it is a closure
2026-05-20 16:49:35,851 [INFO] great_expectations._docs_decorators ù Skipping 
registering function 
DataSourceManager._register_add_or_update_datasource.<locals>.crud_method_info 
because it is a closure
2026-05-20 16:49:35,851 [INFO] great_expectations._docs_decorators ù Skipping 
registering function 
DataSourceManager._register_delete_datasource.<locals>.crud_method_info 
because it is a closure
2026-05-20 16:49:35,874 [INFO] great_expectations._docs_decorators ù Skipping 
registering function 
DataSourceManager._register_add_datasource.<locals>.crud_method_info because 
it is a closure
2026-05-20 16:49:35,874 [INFO] great_expectations._docs_decorators ù Skipping 
registering function 
DataSourceManager._register_update_datasource.<locals>.crud_method_info 
because it is a closure
2026-05-20 16:49:35,874 [INFO] great_expectations._docs_decorators ù Skipping 
registering function 
DataSourceManager._register_add_or_update_datasource.<locals>.crud_method_info 
because it is a closure
2026-05-20 16:49:35,875 [INFO] great_expectations._docs_decorators ù Skipping 
registering function 
DataSourceManager._register_delete_datasource.<locals>.crud_method_info 
because it is a closure

================================================================================
Traceback (most recent call last):
  File "C:\projetDS\test_full_pipeline.py", line 178, in <module>
    success = main()
  File "C:\projetDS\test_full_pipeline.py", line 33, in main
    print_section("\U0001f9ea TEST COMPLET ù MEDICAL DQV PIPELINE")
    ~~~~~~~~~~~~~^^^^^^^^^^^^^^^^^^^^^^^^^^^^^^^^^^^^^^^^^^
  File "C:\projetDS\test_full_pipeline.py", line 26, in print_section
    print(f"  {title}")
    ~~~~~^^^^^^^^^^^^^^
  File 
"C:\Users\HP\AppData\Local\Programs\Python\Python313\Lib\encodings\cp1252.py", 
line 19, in encode
    return codecs.charmap_encode(input,self.errors,encoding_table)[0]
           ~~~~~~~~~~~~~~~~~~~~~^^^^^^^^^^^^^^^^^^^^^^^^^^^^^^^^^^
UnicodeEncodeError: 'charmap' codec can't encode character '\U0001f9ea' in 
position 2: character maps to <undefined>

During handling of the above exception, another exception occurred:

Traceback (most recent call last):
  File "C:\projetDS\test_full_pipeline.py", line 182, in <module>
    print(f"\n\u274c ERREUR NON G╔R╔E : {e}")
    ~~~~~^^^^^^^^^^^^^^^^^^^^^^^^^^^^^^^^
  File 
"C:\Users\HP\AppData\Local\Programs\Python\Python313\Lib\encodings\cp1252.py", 
line 19, in encode
    return codecs.charmap_encode(input,self.errors,encoding_table)[0]
           ~~~~~~~~~~~~~~~~~~~~~^^^^^^^^^^^^^^^^^^^^^^^^^^^^^^^^^^
UnicodeEncodeError: 'charmap' codec can't encode character '\u274c' in 
position 2: character maps to <undefined>
